Iteration	Posterior	Likelihood	Prior	clado_demipoly	clado_fission	clado_fusion	clado_no_change	clado_polyploid	delta	delta_l	eta	gamma	gamma_l	root_frequencies[1]	root_frequencies[2]	root_frequencies[3]	root_frequencies[4]	root_frequencies[5]	root_frequencies[6]	root_frequencies[7]	root_frequencies[8]	root_frequencies[9]	root_frequencies[10]	root_frequencies[11]	root_frequencies[12]	root_frequencies[13]	root_frequencies[14]	root_frequencies[15]	root_frequencies[16]	root_frequencies[17]	root_frequencies[18]	root_frequencies[19]	turnover
0	-115.393	-172.334	56.9409	0	0.001743261	0.001080301	0.4877406	0.004670938	0.002251771	0	0.01480515	0.0361399	-0.1243386	0.00861451	0.0105793	0.0491553	0.0199698	0.0152553	0.159075	0.00242345	0.0328285	0.0872516	0.0232949	0.091385	0.0517555	0.00423902	0.00707852	0.0102698	0.161132	0.0591029	0.0321984	0.174391	0.248354
1	-114.551	-168.849	54.2974	0.00227249	0	0.007003175	0.4877406	0.004670938	0.01229039	0	0.01174142	0.0361399	-0.1243386	0.00817979	0.0100454	0.151047	0.018962	0.0144854	0.0465787	0.00272132	0.153001	0.0572589	0.0221193	0.0867734	0.0491437	0.0040251	0.0311719	0.00975156	0.126757	0.0828485	0.00672131	0.118409	0.4214251
2	-117.63	-170.564	52.9333	0	0.005242963	0.005002888	0.4877406	0.003003135	0.01601859	0.1058983	0.01174142	0	-0.1243386	0.00828666	0.0879071	0.153021	0.058007	0.0146747	0.0839309	0.00275687	0.0224083	0.0192098	0.154999	0.0101767	0.0315791	0.00407769	0.0497858	0.00987897	0.128413	0.0471873	0.00680913	0.106891	0.4214251
